// Jest Snapshot v1, https://goo.gl/fbAQLP

exports[`renders 1`] = `
<div
  class="sc-jrAFXE fgURmg"
  id="documents-container"
>
  <div
    class="infinite-scroll-component__outerdiv"
  >
    <div
      class="infinite-scroll-component sc-iqHYmW fQLOTR"
      style="height: auto; overflow: auto;"
    >
      <div
        class="sc-fubCzh EvQpk sc-crrszt gPWrzz"
      >
        <div
          class="sc-gsTEea XDMyi"
        >
          <p>
            text
          </p>
        </div>
        <div
          class="sc-pGacB kJRbyA"
        >
          <div
            aria-label="Edit"
            class="sc-bdfBQB hewmSM"
          >
            <svg
              fill="currentColor"
              height="1em"
              stroke="currentColor"
              stroke-width="0"
              viewBox="0 0 24 24"
              width="1em"
              xmlns="http://www.w3.org/2000/svg"
            >
              <path
                d="M3 17.25V21h3.75L17.81 9.94l-3.75-3.75L3 17.25zM20.71 7.04c.39-.39.39-1.02 0-1.41l-2.34-2.34c-.39-.39-1.02-.39-1.41 0l-1.83 1.83 3.75 3.75 1.83-1.83z"
              />
            </svg>
          </div>
        </div>
      </div>
    </div>
  </div>
</div>
`;

exports[`renders with documents not loaded yet 1`] = `
<div
  class="sc-kEjbQP dCWJOi"
>
  <span
    class="css-1xdhyk6"
  >
    <span
      class="css-hqq8du"
    />
    <span
      class="css-1h0qtnz"
    />
    <span
      class="css-1ihj5oh"
    />
  </span>
</div>
`;

exports[`renders with no documents 1`] = `
<div
  class="sc-jrAFXE fgURmg"
  id="documents-container"
>
  <div
    class="infinite-scroll-component__outerdiv"
  >
    <div
      class="infinite-scroll-component sc-iqHYmW fQLOTR"
      style="height: auto; overflow: auto;"
    />
  </div>
</div>
`;
